Lisbon Story (1994)
Die Gebr√ºder Skladanowsky (1995)
The End of Violence (1997)
Buena Vista Social Club (1999)
The Million Dollar Hotel (2000)
The Soul of a Man (2003)
Land of Plenty (2004)
Don't Come Knocking (2005)
Palermo Shooting (2008)
Pina (2011)
Every Thing Will Be Fine (2015)
Submergence (2017)
Pope Francis: A Man of His Word (2018)
