Eight Days a Week (1997)
100 Girls (2000)
Monster Man (2003)
Shoot 'Em Up (2007)
