None of the people called Kevin Jones has directed any films
