Argentina
China
Greece
Poland
Russian Federation
United States of America
