Bulgaria
Canada
Denmark
France
Italy
Japan
Russian Federation
Slovenia
Spain
United States of America
