Australia
Great Britain
India
Italy
Japan
Russian Federation
United States of America
