Argentina
Australia
Azerbaijan
Brazil
Bulgaria
Canada
China
Croatia
Czechia
Denmark
Estonia
Finland
France
Georgia
Germany
Great Britain
Greece
Hong Kong
Hungary
India
Iran
Israel
Italy
Japan
Lithuania
Mexico
Norway
Peru
Poland
Portugal
Romania
Russian Federation
Serbia
Slovenia
Spain
Sweden
Taiwan
Turkey
Ukraine
United States of America
Uruguay
Uzbekistan
Viet Nam
