177 Drama
127 Comedy
 73 Crime
 70 Action
 51 Thriller
 50 Romance
 39 Horror
 29 Adventure
 21 Fantasy
 20 Sci-Fi
