207 Drama
130 Comedy
 71 Romance
 64 Crime
 58 Action
 40 Thriller
 27 Mystery
 26 Adventure
 24 Horror
 23 Fantasy
