509 Drama
294 Comedy
202 Romance
146 Documentary
126 Thriller
105 Action
100 Horror
 90 Crime
 84 Mystery
 64 Adventure
