248 Drama
131 Comedy
 84 Romance
 73 Action
 67 Crime
 54 Thriller
 44 Adventure
 30 Family
 23 Fantasy
 22 Biography
