354 Drama
192 Comedy
127 Romance
103 Crime
 67 Action
 60 Thriller
 46 Biography
 38 Mystery
 34 Adventure
 32 Horror
