466 Drama
267 Comedy
135 Romance
110 Crime
 98 Action
 84 Thriller
 72 Documentary
 63 Mystery
 56 Adventure
 54 Family
