438 Drama
280 Comedy
136 Romance
123 Action
110 Thriller
108 Crime
 92 Documentary
 61 Adventure
 59 Biography
 58 Horror
