656 Drama
423 Comedy
205 Romance
198 Documentary
173 Thriller
172 Action
143 Crime
127 Biography
103 Adventure
 93 Horror
