Sam Phelan in Ca$h (2010)
Curt in The Cabin in the Woods (2011)
Thor in Thor (2011)
Jed Eckert in Red Dawn (2012)
The Huntsman in Snow White and the Huntsman (2012)
James Hunt in Rush (2013)
Thor in Thor: The Dark World (2013)
Thor in Avengers: Age of Ultron (2015)
Nick Hathaway in Blackhat (2015)
Owen Chase in In the Heart of the Sea (2015)
Eric in The Huntsman: Winter's War (2016)
The Huntsman in The Huntsman: Winter's War (2016)
Thor in Thor: Ragnarok (2017)
Captain Mitch Nelson in 12 Strong (2018)
Thor in Avengers: Infinity War (2018)
Thor in Avengers: Endgame (2019)
Agent H in Men in Black: International (2019)
Tyler Rake in Extraction (2020)
Abnesti in Spiderhead (2022)
Thor in Thor: Love and Thunder (2022)
