Carmine Sabatini in The Freshman (1990)
Dr. Jack Mickler in Don Juan DeMarco (1994)
McCarthy in The Brave (1997)
The Swede in Free Money (1998)
Max in The Score (2001)
