Anne Benton in Catchfire (1990)
Dede Tate in Little Man Tate (1991)
Clarice Starling in The Silence of the Lambs (1991)
Laurel in Sommersby (1993)
Annabelle Bransford in Maverick (1994)
Nell in Nell (1994)
Eleanor Arroway in Contact (1997)
Self - Host in AFI's 100 Years... 100 Movies: America's Greatest Movies (1998)
Anna in Anna and the King (1999)
Meg Altman in Panic Room (2002)
Self in The Cutting Edge: The Magic of Movie Editing (2004)
Kyle Pratt in Flightplan (2005)
Madeleine White in Inside Man (2006)
Erica Bain in The Brave One (2007)
Alexandra Rover in Nim's Island (2008)
Penelope Longstreet in Carnage (2011)
Meredith Black in The Beaver (2011)
Delacourt in Elysium (2013)
Narrator in Be Natural: The Untold Story of Alice Guy-Blach√© (2018)
The Nurse in Hotel Artemis (2018)
