Kay Adams in The Godfather Part III (1990)
Nina Banks in Father of the Bride (1991)
Carol Lipton in Manhattan Murder Mystery (1993)
Nina Banks in Father of the Bride Part II (1995)
Bessie in Marvin's Room (1996)
Annie MacDuggan Paradis in The First Wives Club (1996)
Carol Fitzsimmons in The Only Thrill (1997)
Elizabeth in The Other Sister (1999)
Sister Mary Ignatius in Sister Mary Explains It All (2001)
Erica Barry in Something's Gotta Give (2003)
Sybil Stone in The Family Stone (2005)
Natalie Swerdlow in Surrender, Dorothy (2006)
Daphne Wilder in Because I Said So (2007)
Jan Mannus in Mama's Boy (2007)
Bridget Cardigan in Mad Money (2008)
Colleen Peck in Morning Glory (2010)
Beth in Darling Companion (2012)
Ellie in The Big Wedding (2013)
Ruth Carver in 5 Flights Up (2014)
Leah in And So It Goes (2014)
Charlotte in Love the Coopers (2015)
Emily Walters in Hampstead (2017)
Diane in Book Club (2018)
Martha in Poms (2019)
