Avatar (2009)
Sam Worthington plays Jake Sully
Zoe Saldana plays Neytiri
Sigourney Weaver plays Dr. Grace Augustine
Michelle Rodriguez plays Trudy Chac√≥n
James Cameron: director
Jon Landau: producer
James Horner: composer
Mauro Fiore: cinematographer
John Refoua: editor
Stephen E. Rivkin: editor
