1. Eeb Allay Ooo! (2019)
2. Looop Lapeta (2022)
Which movie? Looop Lapeta (2022)
Iftekhar Mahmud plays ???
Backagaindancer plays Sudhir
Bhupesh Bandekar plays Inspector David Colaco
Alistar Bennis plays Robert
Aakash Bhatia: director
Puneet Chadha: writer
Vinay Chhawal: writer
Arnav Nanduri: writer
Ketan Pedgaonkar: writer
Tanuj Garg: producer
