1. Jeff, Who Lives at Home (2011)
2. Jefferson in Paris (1995)
3. Jeffrey (1995)
4. Outlaw Prophet: Warren Jeffs (2014)
5. The Jeffrey Dahmer Files (2012)
6. The Secret Life: Jeffrey Dahmer (1993)
7. When Jeff Tried to Save the World (2018)
Which movie? The Jeffrey Dahmer Files (2012)
Andrew Swant plays Jeffrey Dahmer
Pamela Bass plays Self - Neighbor
Jeffrey Jentzen plays Self - Medical Examiner
Pat Kennedy plays Self - Detective
Chris James Thompson: director
Joe Riepenhoff: writer
Jack Turner: producer
Robert Mulrennan: composer
Michael T. Vollmann: cinematographer
