The Sapphires (2012)
Chris O'Dowd plays Dave Lovelace
Deborah Mailman plays Gail
Jessica Mauboy plays Julie
Shari Sebbens plays Kay
Wayne Blair: director
Keith Thompson: writer
Tony Briggs: writer
Rosemary Blight: producer
Kylie Du Fresne: producer
Cezary Skubiszewski: composer
