Latcho Drom (1993)
La Caita plays Self
Tony Gatlif: director
Michèle Ray-Gavras: producer
Éric Guichard: cinematographer
Nicole Berckmans: editor
